// Jest Snapshot v1, https://goo.gl/fbAQLP

exports[`testcase 1`] = `undefined`;
