{
  "traversal": {
    "contents": {
      "file": { "path": "data/traversal/file.json", "type": "doc" },
      "subfolder": {
        "contents": {
          "file2": {
            "path": "data/traversal/subfolder/file2.json",
            "type": "doc"
          },
          "subsubfolder": {
            "contents": {
              "file3": {
                "path": "data/traversal/subfolder/subsubfolder/file3.json",
                "type": "doc"
              }
            },
            "path": "data/traversal/subfolder/subsubfolder",
            "type": "dir"
          }
        },
        "path": "data/traversal/subfolder",
        "type": "dir"
      }
    },
    "path": "data/traversal",
    "type": "dir"
  }
}
